{"type":"SCHEMA","table":"vaults","index_type":"bplustree","order":4,"ts":"2026-04-14T07:20:04.725470+00:00"}
{"type":"SCHEMA","table":"inner_tokens","index_type":"bplustree","order":4,"ts":"2026-04-14T07:20:04.728144+00:00"}
{"type":"SCHEMA","table":"files","index_type":"bplustree","order":4,"ts":"2026-04-14T07:20:04.729686+00:00"}
{"type":"SCHEMA","table":"sessions","index_type":"bplustree","order":4,"ts":"2026-04-14T07:20:04.730737+00:00"}
{"type":"SCHEMA","table":"download_logs","index_type":"bplustree","order":4,"ts":"2026-04-14T07:20:04.732207+00:00"}
{"type":"SCHEMA","table":"expiry_jobs","index_type":"bplustree","order":4,"ts":"2026-04-14T07:20:04.733323+00:00"}
{"type":"SCHEMA","table":"portfolio_entries","index_type":"bplustree","order":4,"ts":"2026-04-14T07:20:04.734600+00:00"}
{"type":"BEGIN","tx_id":"55ac00a5-b831-4987-bd56-8c8ff6a1b8e7","ts":"2026-04-14T07:20:04.735641+00:00"}
{"type":"OP","tx_id":"55ac00a5-b831-4987-bd56-8c8ff6a1b8e7","op":"insert","table":"vaults","key":1,"value":{"outer_token":"RACE_OUTER","status":"ACTIVE"},"ts":"2026-04-14T07:20:04.736609+00:00"}
{"type":"OP","tx_id":"55ac00a5-b831-4987-bd56-8c8ff6a1b8e7","op":"insert","table":"inner_tokens","key":101,"value":{"vault_id":1,"token_type":"MAIN","token_hash":"race_h","status":"ACTIVE"},"ts":"2026-04-14T07:20:04.737480+00:00"}
{"type":"OP","tx_id":"55ac00a5-b831-4987-bd56-8c8ff6a1b8e7","op":"insert","table":"sessions","key":501,"value":{"ip_address":"127.0.0.1","user_agent":"race-tester"},"ts":"2026-04-14T07:20:04.738583+00:00"}
{"type":"PREPARE","tx_id":"55ac00a5-b831-4987-bd56-8c8ff6a1b8e7","ts":"2026-04-14T07:20:04.740182+00:00"}
{"type":"COMMIT","tx_id":"55ac00a5-b831-4987-bd56-8c8ff6a1b8e7","ts":"2026-04-14T07:20:04.741469+00:00"}
{"type":"BEGIN","tx_id":"a3809c1c-45ec-4b23-8690-795568b099e9","ts":"2026-04-14T07:20:04.742568+00:00"}
{"type":"OP","tx_id":"a3809c1c-45ec-4b23-8690-795568b099e9","op":"insert","table":"files","key":555,"value":{"vault_id":1,"inner_token_id":101,"file_size":2048,"status":"ACTIVE","download_count":0,"max_downloads":1},"ts":"2026-04-14T07:20:04.743956+00:00"}
{"type":"PREPARE","tx_id":"a3809c1c-45ec-4b23-8690-795568b099e9","ts":"2026-04-14T07:20:04.745107+00:00"}
{"type":"COMMIT","tx_id":"a3809c1c-45ec-4b23-8690-795568b099e9","ts":"2026-04-14T07:20:04.746177+00:00"}
{"type":"BEGIN","tx_id":"51668523-4fb1-429a-a7be-2ba3fc87d80d","ts":"2026-04-14T07:20:04.749235+00:00"}
{"type":"OP","tx_id":"51668523-4fb1-429a-a7be-2ba3fc87d80d","op":"update","table":"files","key":555,"value":{"vault_id":1,"inner_token_id":101,"file_size":2048,"status":"ACTIVE","download_count":1,"max_downloads":1},"ts":"2026-04-14T07:20:04.750357+00:00"}
{"type":"OP","tx_id":"51668523-4fb1-429a-a7be-2ba3fc87d80d","op":"insert","table":"download_logs","key":70001,"value":{"file_id":555,"inner_token_id":101,"session_id":501},"ts":"2026-04-14T07:20:04.751656+00:00"}
{"type":"PREPARE","tx_id":"51668523-4fb1-429a-a7be-2ba3fc87d80d","ts":"2026-04-14T07:20:04.753472+00:00"}
{"type":"COMMIT","tx_id":"51668523-4fb1-429a-a7be-2ba3fc87d80d","ts":"2026-04-14T07:20:04.754963+00:00"}
{"type":"BEGIN","tx_id":"26743b6b-7a0d-4eb5-b38e-d8e9618978c2","ts":"2026-04-14T07:20:04.756402+00:00"}
{"type":"ROLLBACK","tx_id":"26743b6b-7a0d-4eb5-b38e-d8e9618978c2","ts":"2026-04-14T07:20:04.758677+00:00"}
{"type":"BEGIN","tx_id":"a205dbc7-6686-4051-b5fc-7e82bb6e2f81","ts":"2026-04-14T07:20:04.760437+00:00"}
{"type":"ROLLBACK","tx_id":"a205dbc7-6686-4051-b5fc-7e82bb6e2f81","ts":"2026-04-14T07:20:04.761737+00:00"}
{"type":"BEGIN","tx_id":"7135e8e1-d21f-40af-b399-b69aefdef3b0","ts":"2026-04-14T07:20:04.763473+00:00"}
{"type":"ROLLBACK","tx_id":"7135e8e1-d21f-40af-b399-b69aefdef3b0","ts":"2026-04-14T07:20:04.764459+00:00"}
{"type":"BEGIN","tx_id":"cbbd1ea9-2763-4c7b-a0f5-2107ee8dafc1","ts":"2026-04-14T07:20:04.765924+00:00"}
{"type":"ROLLBACK","tx_id":"cbbd1ea9-2763-4c7b-a0f5-2107ee8dafc1","ts":"2026-04-14T07:20:04.767351+00:00"}
{"type":"BEGIN","tx_id":"18fb767a-50e8-45be-97c4-aa79e8029b45","ts":"2026-04-14T07:20:04.768402+00:00"}
{"type":"ROLLBACK","tx_id":"18fb767a-50e8-45be-97c4-aa79e8029b45","ts":"2026-04-14T07:20:04.769619+00:00"}
{"type":"BEGIN","tx_id":"ff3d4b87-f040-4a3e-82cd-17e5e992b8f9","ts":"2026-04-14T07:20:04.771285+00:00"}
{"type":"ROLLBACK","tx_id":"ff3d4b87-f040-4a3e-82cd-17e5e992b8f9","ts":"2026-04-14T07:20:04.772359+00:00"}
{"type":"BEGIN","tx_id":"85ed730a-5245-472b-b789-8c3c8f8e8ced","ts":"2026-04-14T07:20:04.774272+00:00"}
{"type":"ROLLBACK","tx_id":"85ed730a-5245-472b-b789-8c3c8f8e8ced","ts":"2026-04-14T07:20:04.775476+00:00"}
{"type":"BEGIN","tx_id":"628433e7-f6a6-45a6-b35f-cb685e386b6f","ts":"2026-04-14T07:20:04.777023+00:00"}
{"type":"ROLLBACK","tx_id":"628433e7-f6a6-45a6-b35f-cb685e386b6f","ts":"2026-04-14T07:20:04.778485+00:00"}
{"type":"BEGIN","tx_id":"6620c84f-5909-4bd0-9cbe-9783c3aee255","ts":"2026-04-14T07:20:04.780332+00:00"}
{"type":"ROLLBACK","tx_id":"6620c84f-5909-4bd0-9cbe-9783c3aee255","ts":"2026-04-14T07:20:04.781502+00:00"}
{"type":"BEGIN","tx_id":"7c452f6a-aae9-4809-9b62-c655f1dae6c7","ts":"2026-04-14T07:20:04.782980+00:00"}
{"type":"ROLLBACK","tx_id":"7c452f6a-aae9-4809-9b62-c655f1dae6c7","ts":"2026-04-14T07:20:04.784489+00:00"}
{"type":"BEGIN","tx_id":"0fc16c0d-9dc5-4790-86f2-e4595a4e72a5","ts":"2026-04-14T07:20:04.785472+00:00"}
{"type":"ROLLBACK","tx_id":"0fc16c0d-9dc5-4790-86f2-e4595a4e72a5","ts":"2026-04-14T07:20:04.786368+00:00"}
{"type":"BEGIN","tx_id":"b70aa850-7e99-41e5-95b1-481cc2c9e20b","ts":"2026-04-14T07:20:04.787417+00:00"}
{"type":"ROLLBACK","tx_id":"b70aa850-7e99-41e5-95b1-481cc2c9e20b","ts":"2026-04-14T07:20:04.788650+00:00"}
{"type":"BEGIN","tx_id":"432093cb-e0bd-4ae5-a598-0bb7149a83f6","ts":"2026-04-14T07:20:04.789831+00:00"}
{"type":"ROLLBACK","tx_id":"432093cb-e0bd-4ae5-a598-0bb7149a83f6","ts":"2026-04-14T07:20:04.790658+00:00"}
{"type":"BEGIN","tx_id":"b10e9941-ea60-4a81-bcd3-860cd29783c1","ts":"2026-04-14T07:20:04.791832+00:00"}
{"type":"ROLLBACK","tx_id":"b10e9941-ea60-4a81-bcd3-860cd29783c1","ts":"2026-04-14T07:20:04.793734+00:00"}
{"type":"BEGIN","tx_id":"46958dc9-9ebc-45ea-b818-0fd333420fbe","ts":"2026-04-14T07:20:04.795695+00:00"}
{"type":"ROLLBACK","tx_id":"46958dc9-9ebc-45ea-b818-0fd333420fbe","ts":"2026-04-14T07:20:04.797649+00:00"}
{"type":"BEGIN","tx_id":"5caaac52-5bab-496a-b872-15c36449e71d","ts":"2026-04-14T07:20:04.799853+00:00"}
{"type":"ROLLBACK","tx_id":"5caaac52-5bab-496a-b872-15c36449e71d","ts":"2026-04-14T07:20:04.801177+00:00"}
{"type":"BEGIN","tx_id":"0bbb45ec-e0e6-4239-8aab-c10038dbcc28","ts":"2026-04-14T07:20:04.802281+00:00"}
{"type":"ROLLBACK","tx_id":"0bbb45ec-e0e6-4239-8aab-c10038dbcc28","ts":"2026-04-14T07:20:04.803429+00:00"}
{"type":"BEGIN","tx_id":"b3959903-1816-49c9-96f9-04c807d1cde0","ts":"2026-04-14T07:20:04.804555+00:00"}
{"type":"ROLLBACK","tx_id":"b3959903-1816-49c9-96f9-04c807d1cde0","ts":"2026-04-14T07:20:04.805629+00:00"}
{"type":"BEGIN","tx_id":"b2355481-a256-4708-be8b-c05f75d52c25","ts":"2026-04-14T07:20:04.807451+00:00"}
{"type":"ROLLBACK","tx_id":"b2355481-a256-4708-be8b-c05f75d52c25","ts":"2026-04-14T07:20:04.808524+00:00"}
{"type":"BEGIN","tx_id":"7d318233-1670-452f-acf6-87b50658f99c","ts":"2026-04-14T07:20:04.809400+00:00"}
{"type":"ROLLBACK","tx_id":"7d318233-1670-452f-acf6-87b50658f99c","ts":"2026-04-14T07:20:04.810676+00:00"}
{"type":"BEGIN","tx_id":"cdf78c15-e71d-4ccb-b60b-80b055b0df8a","ts":"2026-04-14T07:20:04.812376+00:00"}
{"type":"ROLLBACK","tx_id":"cdf78c15-e71d-4ccb-b60b-80b055b0df8a","ts":"2026-04-14T07:20:04.814520+00:00"}
{"type":"BEGIN","tx_id":"e2c5311b-8923-4ac6-8010-cc0e67a71efe","ts":"2026-04-14T07:20:04.816763+00:00"}
{"type":"ROLLBACK","tx_id":"e2c5311b-8923-4ac6-8010-cc0e67a71efe","ts":"2026-04-14T07:20:04.817862+00:00"}
{"type":"BEGIN","tx_id":"87025736-7f84-4829-8155-b026a54ad4f8","ts":"2026-04-14T07:20:04.819185+00:00"}
{"type":"ROLLBACK","tx_id":"87025736-7f84-4829-8155-b026a54ad4f8","ts":"2026-04-14T07:20:04.820270+00:00"}
{"type":"BEGIN","tx_id":"15fe57c9-7805-4817-99c2-29b7fbbe6fcb","ts":"2026-04-14T07:20:04.821581+00:00"}
{"type":"ROLLBACK","tx_id":"15fe57c9-7805-4817-99c2-29b7fbbe6fcb","ts":"2026-04-14T07:20:04.823123+00:00"}
{"type":"BEGIN","tx_id":"083709de-a9cf-4f9b-8771-7cb2da7a024b","ts":"2026-04-14T07:20:04.824419+00:00"}
{"type":"ROLLBACK","tx_id":"083709de-a9cf-4f9b-8771-7cb2da7a024b","ts":"2026-04-14T07:20:04.825869+00:00"}
{"type":"BEGIN","tx_id":"985044ff-efcd-4e43-b502-d274872b8743","ts":"2026-04-14T07:20:04.827109+00:00"}
{"type":"ROLLBACK","tx_id":"985044ff-efcd-4e43-b502-d274872b8743","ts":"2026-04-14T07:20:04.828099+00:00"}
{"type":"BEGIN","tx_id":"f2cc6570-1caf-47ea-b7da-0f9b9e61e616","ts":"2026-04-14T07:20:04.829618+00:00"}
{"type":"ROLLBACK","tx_id":"f2cc6570-1caf-47ea-b7da-0f9b9e61e616","ts":"2026-04-14T07:20:04.831002+00:00"}
{"type":"BEGIN","tx_id":"50e6eda8-1277-4a48-a2af-85071ab09d9b","ts":"2026-04-14T07:20:04.832309+00:00"}
{"type":"ROLLBACK","tx_id":"50e6eda8-1277-4a48-a2af-85071ab09d9b","ts":"2026-04-14T07:20:04.833564+00:00"}
{"type":"BEGIN","tx_id":"ca888037-9596-45ab-89bf-8ad433f819d4","ts":"2026-04-14T07:20:04.835117+00:00"}
{"type":"ROLLBACK","tx_id":"ca888037-9596-45ab-89bf-8ad433f819d4","ts":"2026-04-14T07:20:04.836164+00:00"}
