{"type":"SCHEMA","table":"vaults","index_type":"bplustree","order":4,"ts":"2026-04-14T07:20:04.726264+00:00"}
{"type":"SCHEMA","table":"inner_tokens","index_type":"bplustree","order":4,"ts":"2026-04-14T07:20:04.728568+00:00"}
{"type":"SCHEMA","table":"files","index_type":"bplustree","order":4,"ts":"2026-04-14T07:20:04.730026+00:00"}
{"type":"SCHEMA","table":"sessions","index_type":"bplustree","order":4,"ts":"2026-04-14T07:20:04.731532+00:00"}
{"type":"SCHEMA","table":"download_logs","index_type":"bplustree","order":4,"ts":"2026-04-14T07:20:04.732873+00:00"}
{"type":"SCHEMA","table":"expiry_jobs","index_type":"bplustree","order":4,"ts":"2026-04-14T07:20:04.733900+00:00"}
{"type":"SCHEMA","table":"portfolio_entries","index_type":"bplustree","order":4,"ts":"2026-04-14T07:20:04.735067+00:00"}
{"type":"BEGIN","tx_id":"5c664b10-0514-4f1e-921f-db19f99ce23e","ts":"2026-04-14T07:20:04.737798+00:00"}
{"type":"OP","tx_id":"5c664b10-0514-4f1e-921f-db19f99ce23e","op":"insert","table":"vaults","key":1000,"value":{"outer_token":"OUTER_0000","status":"ACTIVE"},"ts":"2026-04-14T07:20:04.739817+00:00"}
{"type":"OP","tx_id":"5c664b10-0514-4f1e-921f-db19f99ce23e","op":"insert","table":"inner_tokens","key":2000,"value":{"vault_id":1000,"token_type":"MAIN","token_hash":"hash_0","status":"ACTIVE"},"ts":"2026-04-14T07:20:04.741009+00:00"}
{"type":"OP","tx_id":"5c664b10-0514-4f1e-921f-db19f99ce23e","op":"insert","table":"files","key":3000,"value":{"vault_id":1000,"inner_token_id":2000,"file_size":512,"status":"ACTIVE","download_count":0,"max_downloads":1},"ts":"2026-04-14T07:20:04.742185+00:00"}
{"type":"PREPARE","tx_id":"5c664b10-0514-4f1e-921f-db19f99ce23e","ts":"2026-04-14T07:20:04.743910+00:00"}
{"type":"COMMIT","tx_id":"5c664b10-0514-4f1e-921f-db19f99ce23e","ts":"2026-04-14T07:20:04.745528+00:00"}
{"type":"BEGIN","tx_id":"60b3b6f3-ecc6-4a4c-95cc-f0060c0b2c6b","ts":"2026-04-14T07:20:04.747021+00:00"}
{"type":"OP","tx_id":"60b3b6f3-ecc6-4a4c-95cc-f0060c0b2c6b","op":"insert","table":"vaults","key":1001,"value":{"outer_token":"OUTER_0001","status":"ACTIVE"},"ts":"2026-04-14T07:20:04.748656+00:00"}
{"type":"OP","tx_id":"60b3b6f3-ecc6-4a4c-95cc-f0060c0b2c6b","op":"insert","table":"inner_tokens","key":2001,"value":{"vault_id":1001,"token_type":"MAIN","token_hash":"hash_1","status":"ACTIVE"},"ts":"2026-04-14T07:20:04.749806+00:00"}
{"type":"OP","tx_id":"60b3b6f3-ecc6-4a4c-95cc-f0060c0b2c6b","op":"insert","table":"files","key":3001,"value":{"vault_id":1001,"inner_token_id":2001,"file_size":1024,"status":"ACTIVE","download_count":0,"max_downloads":1},"ts":"2026-04-14T07:20:04.750739+00:00"}
{"type":"PREPARE","tx_id":"60b3b6f3-ecc6-4a4c-95cc-f0060c0b2c6b","ts":"2026-04-14T07:20:04.752609+00:00"}
{"type":"COMMIT","tx_id":"60b3b6f3-ecc6-4a4c-95cc-f0060c0b2c6b","ts":"2026-04-14T07:20:04.754469+00:00"}
{"type":"BEGIN","tx_id":"c7207c0e-35c1-4c41-96fe-532239da887b","ts":"2026-04-14T07:20:04.755669+00:00"}
{"type":"OP","tx_id":"c7207c0e-35c1-4c41-96fe-532239da887b","op":"insert","table":"vaults","key":1002,"value":{"outer_token":"OUTER_0002","status":"ACTIVE"},"ts":"2026-04-14T07:20:04.756922+00:00"}
{"type":"OP","tx_id":"c7207c0e-35c1-4c41-96fe-532239da887b","op":"insert","table":"inner_tokens","key":2002,"value":{"vault_id":1002,"token_type":"MAIN","token_hash":"hash_2","status":"ACTIVE"},"ts":"2026-04-14T07:20:04.758847+00:00"}
{"type":"OP","tx_id":"c7207c0e-35c1-4c41-96fe-532239da887b","op":"insert","table":"files","key":3002,"value":{"vault_id":1002,"inner_token_id":2002,"file_size":1536,"status":"ACTIVE","download_count":0,"max_downloads":1},"ts":"2026-04-14T07:20:04.759770+00:00"}
{"type":"PREPARE","tx_id":"c7207c0e-35c1-4c41-96fe-532239da887b","ts":"2026-04-14T07:20:04.761121+00:00"}
{"type":"COMMIT","tx_id":"c7207c0e-35c1-4c41-96fe-532239da887b","ts":"2026-04-14T07:20:04.762796+00:00"}
{"type":"BEGIN","tx_id":"8695d02d-4f04-4dc3-b3d4-0be0da0262eb","ts":"2026-04-14T07:20:04.764123+00:00"}
{"type":"OP","tx_id":"8695d02d-4f04-4dc3-b3d4-0be0da0262eb","op":"insert","table":"vaults","key":1003,"value":{"outer_token":"OUTER_0003","status":"ACTIVE"},"ts":"2026-04-14T07:20:04.765439+00:00"}
{"type":"OP","tx_id":"8695d02d-4f04-4dc3-b3d4-0be0da0262eb","op":"insert","table":"inner_tokens","key":2003,"value":{"vault_id":1003,"token_type":"MAIN","token_hash":"hash_3","status":"ACTIVE"},"ts":"2026-04-14T07:20:04.766569+00:00"}
{"type":"OP","tx_id":"8695d02d-4f04-4dc3-b3d4-0be0da0262eb","op":"insert","table":"files","key":3003,"value":{"vault_id":1003,"inner_token_id":2003,"file_size":2048,"status":"ACTIVE","download_count":0,"max_downloads":1},"ts":"2026-04-14T07:20:04.767749+00:00"}
{"type":"PREPARE","tx_id":"8695d02d-4f04-4dc3-b3d4-0be0da0262eb","ts":"2026-04-14T07:20:04.769373+00:00"}
{"type":"COMMIT","tx_id":"8695d02d-4f04-4dc3-b3d4-0be0da0262eb","ts":"2026-04-14T07:20:04.770772+00:00"}
{"type":"BEGIN","tx_id":"a788bd7e-6bb7-4d1b-ab71-ddced08fe6dc","ts":"2026-04-14T07:20:04.772336+00:00"}
{"type":"OP","tx_id":"a788bd7e-6bb7-4d1b-ab71-ddced08fe6dc","op":"insert","table":"vaults","key":1004,"value":{"outer_token":"OUTER_0004","status":"ACTIVE"},"ts":"2026-04-14T07:20:04.773984+00:00"}
{"type":"OP","tx_id":"a788bd7e-6bb7-4d1b-ab71-ddced08fe6dc","op":"insert","table":"inner_tokens","key":2004,"value":{"vault_id":1004,"token_type":"MAIN","token_hash":"hash_4","status":"ACTIVE"},"ts":"2026-04-14T07:20:04.774914+00:00"}
{"type":"OP","tx_id":"a788bd7e-6bb7-4d1b-ab71-ddced08fe6dc","op":"insert","table":"files","key":3004,"value":{"vault_id":1004,"inner_token_id":2004,"file_size":2560,"status":"ACTIVE","download_count":0,"max_downloads":1},"ts":"2026-04-14T07:20:04.776191+00:00"}
{"type":"PREPARE","tx_id":"a788bd7e-6bb7-4d1b-ab71-ddced08fe6dc","ts":"2026-04-14T07:20:04.777925+00:00"}
{"type":"COMMIT","tx_id":"a788bd7e-6bb7-4d1b-ab71-ddced08fe6dc","ts":"2026-04-14T07:20:04.779575+00:00"}
{"type":"BEGIN","tx_id":"fcef6f62-1170-4270-9dc4-695123c9680b","ts":"2026-04-14T07:20:04.781066+00:00"}
{"type":"OP","tx_id":"fcef6f62-1170-4270-9dc4-695123c9680b","op":"insert","table":"vaults","key":1005,"value":{"outer_token":"OUTER_0005","status":"ACTIVE"},"ts":"2026-04-14T07:20:04.782096+00:00"}
{"type":"OP","tx_id":"fcef6f62-1170-4270-9dc4-695123c9680b","op":"insert","table":"inner_tokens","key":2005,"value":{"vault_id":1005,"token_type":"MAIN","token_hash":"hash_5","status":"ACTIVE"},"ts":"2026-04-14T07:20:04.783639+00:00"}
{"type":"OP","tx_id":"fcef6f62-1170-4270-9dc4-695123c9680b","op":"insert","table":"files","key":3005,"value":{"vault_id":1005,"inner_token_id":2005,"file_size":3072,"status":"ACTIVE","download_count":0,"max_downloads":1},"ts":"2026-04-14T07:20:04.785046+00:00"}
{"type":"PREPARE","tx_id":"fcef6f62-1170-4270-9dc4-695123c9680b","ts":"2026-04-14T07:20:04.785981+00:00"}
{"type":"COMMIT","tx_id":"fcef6f62-1170-4270-9dc4-695123c9680b","ts":"2026-04-14T07:20:04.787059+00:00"}
{"type":"BEGIN","tx_id":"0ac63aac-cead-4b6d-944c-c4fa1c479bce","ts":"2026-04-14T07:20:04.788154+00:00"}
{"type":"OP","tx_id":"0ac63aac-cead-4b6d-944c-c4fa1c479bce","op":"insert","table":"vaults","key":1006,"value":{"outer_token":"OUTER_0006","status":"ACTIVE"},"ts":"2026-04-14T07:20:04.789189+00:00"}
{"type":"OP","tx_id":"0ac63aac-cead-4b6d-944c-c4fa1c479bce","op":"insert","table":"inner_tokens","key":2006,"value":{"vault_id":1006,"token_type":"MAIN","token_hash":"hash_6","status":"ACTIVE"},"ts":"2026-04-14T07:20:04.790274+00:00"}
{"type":"OP","tx_id":"0ac63aac-cead-4b6d-944c-c4fa1c479bce","op":"insert","table":"files","key":3006,"value":{"vault_id":1006,"inner_token_id":2006,"file_size":3584,"status":"ACTIVE","download_count":0,"max_downloads":1},"ts":"2026-04-14T07:20:04.791411+00:00"}
{"type":"PREPARE","tx_id":"0ac63aac-cead-4b6d-944c-c4fa1c479bce","ts":"2026-04-14T07:20:04.792760+00:00"}
{"type":"COMMIT","tx_id":"0ac63aac-cead-4b6d-944c-c4fa1c479bce","ts":"2026-04-14T07:20:04.794922+00:00"}
{"type":"BEGIN","tx_id":"246a1266-3931-4449-a8a1-e85ab497f036","ts":"2026-04-14T07:20:04.796588+00:00"}
{"type":"OP","tx_id":"246a1266-3931-4449-a8a1-e85ab497f036","op":"insert","table":"vaults","key":1007,"value":{"outer_token":"OUTER_0007","status":"ACTIVE"},"ts":"2026-04-14T07:20:04.799044+00:00"}
{"type":"OP","tx_id":"246a1266-3931-4449-a8a1-e85ab497f036","op":"insert","table":"inner_tokens","key":2007,"value":{"vault_id":1007,"token_type":"MAIN","token_hash":"hash_7","status":"ACTIVE"},"ts":"2026-04-14T07:20:04.800301+00:00"}
{"type":"OP","tx_id":"246a1266-3931-4449-a8a1-e85ab497f036","op":"insert","table":"files","key":3007,"value":{"vault_id":1007,"inner_token_id":2007,"file_size":4096,"status":"ACTIVE","download_count":0,"max_downloads":1},"ts":"2026-04-14T07:20:04.801700+00:00"}
{"type":"PREPARE","tx_id":"246a1266-3931-4449-a8a1-e85ab497f036","ts":"2026-04-14T07:20:04.802830+00:00"}
{"type":"COMMIT","tx_id":"246a1266-3931-4449-a8a1-e85ab497f036","ts":"2026-04-14T07:20:04.803972+00:00"}
{"type":"BEGIN","tx_id":"809e5822-ff84-4d76-8975-b497678e5d62","ts":"2026-04-14T07:20:04.804889+00:00"}
{"type":"OP","tx_id":"809e5822-ff84-4d76-8975-b497678e5d62","op":"insert","table":"vaults","key":1008,"value":{"outer_token":"OUTER_0008","status":"ACTIVE"},"ts":"2026-04-14T07:20:04.806715+00:00"}
{"type":"OP","tx_id":"809e5822-ff84-4d76-8975-b497678e5d62","op":"insert","table":"inner_tokens","key":2008,"value":{"vault_id":1008,"token_type":"MAIN","token_hash":"hash_8","status":"ACTIVE"},"ts":"2026-04-14T07:20:04.808099+00:00"}
{"type":"OP","tx_id":"809e5822-ff84-4d76-8975-b497678e5d62","op":"insert","table":"files","key":3008,"value":{"vault_id":1008,"inner_token_id":2008,"file_size":4608,"status":"ACTIVE","download_count":0,"max_downloads":1},"ts":"2026-04-14T07:20:04.810000+00:00"}
{"type":"PREPARE","tx_id":"809e5822-ff84-4d76-8975-b497678e5d62","ts":"2026-04-14T07:20:04.811593+00:00"}
{"type":"COMMIT","tx_id":"809e5822-ff84-4d76-8975-b497678e5d62","ts":"2026-04-14T07:20:04.813222+00:00"}
{"type":"BEGIN","tx_id":"f3f18484-518b-4602-9874-7a65213d6b74","ts":"2026-04-14T07:20:04.815125+00:00"}
{"type":"OP","tx_id":"f3f18484-518b-4602-9874-7a65213d6b74","op":"insert","table":"vaults","key":1009,"value":{"outer_token":"OUTER_0009","status":"ACTIVE"},"ts":"2026-04-14T07:20:04.817112+00:00"}
{"type":"OP","tx_id":"f3f18484-518b-4602-9874-7a65213d6b74","op":"insert","table":"inner_tokens","key":2009,"value":{"vault_id":1009,"token_type":"MAIN","token_hash":"hash_9","status":"ACTIVE"},"ts":"2026-04-14T07:20:04.818634+00:00"}
{"type":"OP","tx_id":"f3f18484-518b-4602-9874-7a65213d6b74","op":"insert","table":"files","key":3009,"value":{"vault_id":1009,"inner_token_id":2009,"file_size":5120,"status":"ACTIVE","download_count":0,"max_downloads":1},"ts":"2026-04-14T07:20:04.819763+00:00"}
{"type":"PREPARE","tx_id":"f3f18484-518b-4602-9874-7a65213d6b74","ts":"2026-04-14T07:20:04.821021+00:00"}
{"type":"COMMIT","tx_id":"f3f18484-518b-4602-9874-7a65213d6b74","ts":"2026-04-14T07:20:04.822300+00:00"}
{"type":"BEGIN","tx_id":"5b44252d-c220-4db7-9748-a1ab6eb58115","ts":"2026-04-14T07:20:04.823587+00:00"}
{"type":"OP","tx_id":"5b44252d-c220-4db7-9748-a1ab6eb58115","op":"insert","table":"vaults","key":1010,"value":{"outer_token":"OUTER_0010","status":"ACTIVE"},"ts":"2026-04-14T07:20:04.824938+00:00"}
{"type":"OP","tx_id":"5b44252d-c220-4db7-9748-a1ab6eb58115","op":"insert","table":"inner_tokens","key":2010,"value":{"vault_id":1010,"token_type":"MAIN","token_hash":"hash_10","status":"ACTIVE"},"ts":"2026-04-14T07:20:04.826226+00:00"}
{"type":"OP","tx_id":"5b44252d-c220-4db7-9748-a1ab6eb58115","op":"insert","table":"files","key":3010,"value":{"vault_id":1010,"inner_token_id":2010,"file_size":5632,"status":"ACTIVE","download_count":0,"max_downloads":1},"ts":"2026-04-14T07:20:04.827305+00:00"}
{"type":"PREPARE","tx_id":"5b44252d-c220-4db7-9748-a1ab6eb58115","ts":"2026-04-14T07:20:04.828813+00:00"}
{"type":"COMMIT","tx_id":"5b44252d-c220-4db7-9748-a1ab6eb58115","ts":"2026-04-14T07:20:04.830236+00:00"}
{"type":"BEGIN","tx_id":"f8050652-e30e-4a9f-b4e7-494c42364b2d","ts":"2026-04-14T07:20:04.831421+00:00"}
{"type":"OP","tx_id":"f8050652-e30e-4a9f-b4e7-494c42364b2d","op":"insert","table":"vaults","key":1011,"value":{"outer_token":"OUTER_0011","status":"ACTIVE"},"ts":"2026-04-14T07:20:04.832840+00:00"}
{"type":"OP","tx_id":"f8050652-e30e-4a9f-b4e7-494c42364b2d","op":"insert","table":"inner_tokens","key":2011,"value":{"vault_id":1011,"token_type":"MAIN","token_hash":"hash_11","status":"ACTIVE"},"ts":"2026-04-14T07:20:04.833858+00:00"}
{"type":"OP","tx_id":"f8050652-e30e-4a9f-b4e7-494c42364b2d","op":"insert","table":"files","key":3011,"value":{"vault_id":1011,"inner_token_id":2011,"file_size":6144,"status":"ACTIVE","download_count":0,"max_downloads":1},"ts":"2026-04-14T07:20:04.835765+00:00"}
{"type":"PREPARE","tx_id":"f8050652-e30e-4a9f-b4e7-494c42364b2d","ts":"2026-04-14T07:20:04.836876+00:00"}
{"type":"COMMIT","tx_id":"f8050652-e30e-4a9f-b4e7-494c42364b2d","ts":"2026-04-14T07:20:04.838407+00:00"}
{"type":"BEGIN","tx_id":"2da91288-604e-438d-b413-7b7f3dd61f3a","ts":"2026-04-14T07:20:04.839756+00:00"}
{"type":"OP","tx_id":"2da91288-604e-438d-b413-7b7f3dd61f3a","op":"insert","table":"vaults","key":1012,"value":{"outer_token":"OUTER_0012","status":"ACTIVE"},"ts":"2026-04-14T07:20:04.840841+00:00"}
{"type":"OP","tx_id":"2da91288-604e-438d-b413-7b7f3dd61f3a","op":"insert","table":"inner_tokens","key":2012,"value":{"vault_id":1012,"token_type":"MAIN","token_hash":"hash_12","status":"ACTIVE"},"ts":"2026-04-14T07:20:04.841815+00:00"}
{"type":"OP","tx_id":"2da91288-604e-438d-b413-7b7f3dd61f3a","op":"insert","table":"files","key":3012,"value":{"vault_id":1012,"inner_token_id":2012,"file_size":6656,"status":"ACTIVE","download_count":0,"max_downloads":1},"ts":"2026-04-14T07:20:04.843261+00:00"}
{"type":"PREPARE","tx_id":"2da91288-604e-438d-b413-7b7f3dd61f3a","ts":"2026-04-14T07:20:04.844975+00:00"}
{"type":"COMMIT","tx_id":"2da91288-604e-438d-b413-7b7f3dd61f3a","ts":"2026-04-14T07:20:04.846461+00:00"}
{"type":"BEGIN","tx_id":"95965156-066e-4fbd-b2f6-5ce7c440a80f","ts":"2026-04-14T07:20:04.848072+00:00"}
{"type":"OP","tx_id":"95965156-066e-4fbd-b2f6-5ce7c440a80f","op":"insert","table":"vaults","key":1013,"value":{"outer_token":"OUTER_0013","status":"ACTIVE"},"ts":"2026-04-14T07:20:04.849127+00:00"}
{"type":"OP","tx_id":"95965156-066e-4fbd-b2f6-5ce7c440a80f","op":"insert","table":"inner_tokens","key":2013,"value":{"vault_id":1013,"token_type":"MAIN","token_hash":"hash_13","status":"ACTIVE"},"ts":"2026-04-14T07:20:04.850292+00:00"}
{"type":"OP","tx_id":"95965156-066e-4fbd-b2f6-5ce7c440a80f","op":"insert","table":"files","key":3013,"value":{"vault_id":1013,"inner_token_id":2013,"file_size":7168,"status":"ACTIVE","download_count":0,"max_downloads":1},"ts":"2026-04-14T07:20:04.851244+00:00"}
{"type":"PREPARE","tx_id":"95965156-066e-4fbd-b2f6-5ce7c440a80f","ts":"2026-04-14T07:20:04.852949+00:00"}
{"type":"COMMIT","tx_id":"95965156-066e-4fbd-b2f6-5ce7c440a80f","ts":"2026-04-14T07:20:04.854363+00:00"}
{"type":"BEGIN","tx_id":"5b74b71a-39a7-4bdb-abe7-e09e86130651","ts":"2026-04-14T07:20:04.856912+00:00"}
{"type":"OP","tx_id":"5b74b71a-39a7-4bdb-abe7-e09e86130651","op":"insert","table":"vaults","key":1014,"value":{"outer_token":"OUTER_0014","status":"ACTIVE"},"ts":"2026-04-14T07:20:04.858541+00:00"}
{"type":"OP","tx_id":"5b74b71a-39a7-4bdb-abe7-e09e86130651","op":"insert","table":"inner_tokens","key":2014,"value":{"vault_id":1014,"token_type":"MAIN","token_hash":"hash_14","status":"ACTIVE"},"ts":"2026-04-14T07:20:04.862204+00:00"}
{"type":"OP","tx_id":"5b74b71a-39a7-4bdb-abe7-e09e86130651","op":"insert","table":"files","key":3014,"value":{"vault_id":1014,"inner_token_id":2014,"file_size":7680,"status":"ACTIVE","download_count":0,"max_downloads":1},"ts":"2026-04-14T07:20:04.863903+00:00"}
{"type":"PREPARE","tx_id":"5b74b71a-39a7-4bdb-abe7-e09e86130651","ts":"2026-04-14T07:20:04.864925+00:00"}
{"type":"COMMIT","tx_id":"5b74b71a-39a7-4bdb-abe7-e09e86130651","ts":"2026-04-14T07:20:04.865907+00:00"}
{"type":"BEGIN","tx_id":"9aea09bb-6d77-497f-8d09-3d34b8b4e341","ts":"2026-04-14T07:20:04.867198+00:00"}
{"type":"OP","tx_id":"9aea09bb-6d77-497f-8d09-3d34b8b4e341","op":"insert","table":"vaults","key":1015,"value":{"outer_token":"OUTER_0015","status":"ACTIVE"},"ts":"2026-04-14T07:20:04.868247+00:00"}
{"type":"OP","tx_id":"9aea09bb-6d77-497f-8d09-3d34b8b4e341","op":"insert","table":"inner_tokens","key":2015,"value":{"vault_id":1015,"token_type":"MAIN","token_hash":"hash_15","status":"ACTIVE"},"ts":"2026-04-14T07:20:04.869361+00:00"}
{"type":"OP","tx_id":"9aea09bb-6d77-497f-8d09-3d34b8b4e341","op":"insert","table":"files","key":3015,"value":{"vault_id":1015,"inner_token_id":2015,"file_size":8192,"status":"ACTIVE","download_count":0,"max_downloads":1},"ts":"2026-04-14T07:20:04.870363+00:00"}
{"type":"PREPARE","tx_id":"9aea09bb-6d77-497f-8d09-3d34b8b4e341","ts":"2026-04-14T07:20:04.871675+00:00"}
{"type":"COMMIT","tx_id":"9aea09bb-6d77-497f-8d09-3d34b8b4e341","ts":"2026-04-14T07:20:04.872693+00:00"}
{"type":"BEGIN","tx_id":"d047f4d7-5fce-4ab6-a842-29008a9cbb48","ts":"2026-04-14T07:20:04.873706+00:00"}
{"type":"OP","tx_id":"d047f4d7-5fce-4ab6-a842-29008a9cbb48","op":"insert","table":"vaults","key":1016,"value":{"outer_token":"OUTER_0016","status":"ACTIVE"},"ts":"2026-04-14T07:20:04.874738+00:00"}
{"type":"OP","tx_id":"d047f4d7-5fce-4ab6-a842-29008a9cbb48","op":"insert","table":"inner_tokens","key":2016,"value":{"vault_id":1016,"token_type":"MAIN","token_hash":"hash_16","status":"ACTIVE"},"ts":"2026-04-14T07:20:04.875605+00:00"}
{"type":"OP","tx_id":"d047f4d7-5fce-4ab6-a842-29008a9cbb48","op":"insert","table":"files","key":3016,"value":{"vault_id":1016,"inner_token_id":2016,"file_size":8704,"status":"ACTIVE","download_count":0,"max_downloads":1},"ts":"2026-04-14T07:20:04.876379+00:00"}
{"type":"PREPARE","tx_id":"d047f4d7-5fce-4ab6-a842-29008a9cbb48","ts":"2026-04-14T07:20:04.877485+00:00"}
{"type":"COMMIT","tx_id":"d047f4d7-5fce-4ab6-a842-29008a9cbb48","ts":"2026-04-14T07:20:04.878438+00:00"}
{"type":"BEGIN","tx_id":"f0bfc42e-1257-49b3-b9f6-9b0c74c093d1","ts":"2026-04-14T07:20:04.879536+00:00"}
{"type":"OP","tx_id":"f0bfc42e-1257-49b3-b9f6-9b0c74c093d1","op":"insert","table":"vaults","key":1017,"value":{"outer_token":"OUTER_0017","status":"ACTIVE"},"ts":"2026-04-14T07:20:04.880417+00:00"}
{"type":"OP","tx_id":"f0bfc42e-1257-49b3-b9f6-9b0c74c093d1","op":"insert","table":"inner_tokens","key":2017,"value":{"vault_id":1017,"token_type":"MAIN","token_hash":"hash_17","status":"ACTIVE"},"ts":"2026-04-14T07:20:04.881472+00:00"}
{"type":"OP","tx_id":"f0bfc42e-1257-49b3-b9f6-9b0c74c093d1","op":"insert","table":"files","key":3017,"value":{"vault_id":1017,"inner_token_id":2017,"file_size":9216,"status":"ACTIVE","download_count":0,"max_downloads":1},"ts":"2026-04-14T07:20:04.882421+00:00"}
{"type":"PREPARE","tx_id":"f0bfc42e-1257-49b3-b9f6-9b0c74c093d1","ts":"2026-04-14T07:20:04.883811+00:00"}
{"type":"COMMIT","tx_id":"f0bfc42e-1257-49b3-b9f6-9b0c74c093d1","ts":"2026-04-14T07:20:04.884902+00:00"}
{"type":"BEGIN","tx_id":"d773e96b-b9e1-4af7-a6de-92c928259667","ts":"2026-04-14T07:20:04.885989+00:00"}
{"type":"OP","tx_id":"d773e96b-b9e1-4af7-a6de-92c928259667","op":"insert","table":"vaults","key":1018,"value":{"outer_token":"OUTER_0018","status":"ACTIVE"},"ts":"2026-04-14T07:20:04.887425+00:00"}
{"type":"OP","tx_id":"d773e96b-b9e1-4af7-a6de-92c928259667","op":"insert","table":"inner_tokens","key":2018,"value":{"vault_id":1018,"token_type":"MAIN","token_hash":"hash_18","status":"ACTIVE"},"ts":"2026-04-14T07:20:04.888376+00:00"}
{"type":"OP","tx_id":"d773e96b-b9e1-4af7-a6de-92c928259667","op":"insert","table":"files","key":3018,"value":{"vault_id":1018,"inner_token_id":2018,"file_size":9728,"status":"ACTIVE","download_count":0,"max_downloads":1},"ts":"2026-04-14T07:20:04.889314+00:00"}
{"type":"PREPARE","tx_id":"d773e96b-b9e1-4af7-a6de-92c928259667","ts":"2026-04-14T07:20:04.890837+00:00"}
{"type":"COMMIT","tx_id":"d773e96b-b9e1-4af7-a6de-92c928259667","ts":"2026-04-14T07:20:04.892367+00:00"}
{"type":"BEGIN","tx_id":"550e1110-f388-4992-8f65-ed8d25a9f6ed","ts":"2026-04-14T07:20:04.893336+00:00"}
{"type":"OP","tx_id":"550e1110-f388-4992-8f65-ed8d25a9f6ed","op":"insert","table":"vaults","key":1019,"value":{"outer_token":"OUTER_0019","status":"ACTIVE"},"ts":"2026-04-14T07:20:04.894250+00:00"}
{"type":"OP","tx_id":"550e1110-f388-4992-8f65-ed8d25a9f6ed","op":"insert","table":"inner_tokens","key":2019,"value":{"vault_id":1019,"token_type":"MAIN","token_hash":"hash_19","status":"ACTIVE"},"ts":"2026-04-14T07:20:04.895167+00:00"}
{"type":"OP","tx_id":"550e1110-f388-4992-8f65-ed8d25a9f6ed","op":"insert","table":"files","key":3019,"value":{"vault_id":1019,"inner_token_id":2019,"file_size":10240,"status":"ACTIVE","download_count":0,"max_downloads":1},"ts":"2026-04-14T07:20:04.896176+00:00"}
{"type":"PREPARE","tx_id":"550e1110-f388-4992-8f65-ed8d25a9f6ed","ts":"2026-04-14T07:20:04.897336+00:00"}
{"type":"COMMIT","tx_id":"550e1110-f388-4992-8f65-ed8d25a9f6ed","ts":"2026-04-14T07:20:04.898454+00:00"}
